
> test:e2e
> ./scripts/run-e2e-tests.sh

🧪 Starting E2E Tests (Simplified)
==================================

🔍 Verifying environment...
⏳ Checking if Supabase is available...
⏳ Testing database connectivity...
✅ Supabase is available and responding

🗄️  Setting up test database...
📋 Resetting Supabase database with clean state...
✅ Supabase database reset successfully

🚀 Starting Laravel server for testing...
🔧 Using explicit environment configuration...
⏳ Waiting for Laravel server to start...
🔍 Testing server response...
✅ Laravel server running on http://127.0.0.1:8001 (PID: 16444)

🎭 Running Playwright E2E tests...
📊 Database: Supabase PostgreSQL (clean reset for each run)
🌐 Server: Laravel testing mode
🔐 Auth: Full Supabase integration


Running 117 tests using 1 worker

[1A[2K[1/117] [chromium] › tests/e2e/auth.spec.ts:17:3 › Authentication Flow › should display registration form
[1A[2K[2/117] [chromium] › tests/e2e/auth.spec.ts:41:3 › Authentication Flow › should display login form
[1A[2K[3/117] [chromium] › tests/e2e/auth.spec.ts:59:3 › Authentication Flow › should register new user and create test data
[1A[2K[4/117] [chromium] › tests/e2e/auth.spec.ts:109:3 › Authentication Flow › should handle registration validation errors
[1A[2K[5/117] [chromium] › tests/e2e/auth.spec.ts:120:3 › Authentication Flow › should navigate between auth pages
[1A[2K[6/117] [chromium] › tests/e2e/debug-auth.spec.ts:5:1 › debug registration and dashboard access
[1A[2K[chromium] › tests/e2e/debug-auth.spec.ts:5:1 › debug registration and dashboard access
1. Going to register page...

[1A[2K2. Filling registration form...

[1A[2K3. Submitting registration...

[1A[2K4. Current URL after registration: http://127.0.0.1:8001/dashboard

[1A[2K5. Page title: TaskMaster

[1A[2KSUCCESS: Redirected to dashboard

[1A[2KDashboard H1 text: 
              
                
                  
                
                Homeschool Hub
              
            

[1A[2K8. Trying to access /children...

[1A[2K9. Children page URL: http://127.0.0.1:8001/children

[1A[2KSUCCESS: Access to children page granted

[1A[2KChildren page contains "Add Child"? [33mtrue[39m

[1A[2K[7/117] [chromium] › tests/e2e/homeschool-planning.spec.ts:43:3 › Homeschool Planning Workflow › complete planning workflow: child → subjects → units → topics → sessions → calendar
[1A[2K[chromium] › tests/e2e/homeschool-planning.spec.ts:43:3 › Homeschool Planning Workflow › complete planning workflow: child → subjects → units → topics → sessions → calendar
API Response status: [33m200[39m

[1A[2KAPI Response body (first 200 chars): <div class="bg-white rounded-lg shadow-sm p-12 text-center">
        <svg class="mx-auto h-12 w-12 text-gray-400 mb-4" fill="none" viewBox="0 0 24 24" stroke="currentColor">
            <path stroke-l

[1A[2KChild created successfully via API

[1A[2KChildren count after navigation: [33m0[39m

[1A[2KNo children found, skipping workflow test that requires children

[1A[2K[8/117] [chromium] › tests/e2e/homeschool-planning.spec.ts:254:3 › Homeschool Planning Workflow › parent and child view switching
[1A[2K[chromium] › tests/e2e/homeschool-planning.spec.ts:254:3 › Homeschool Planning Workflow › parent and child view switching
Found 2 elements matching 'button:has-text("Add Child")', using first()

[1A[2K[9/117] [chromium] › tests/e2e/homeschool-planning.spec.ts:315:3 › Homeschool Planning Workflow › session management and catch-up system
[1A[2K[chromium] › tests/e2e/homeschool-planning.spec.ts:315:3 › Homeschool Planning Workflow › session management and catch-up system
Found 2 elements matching 'button:has-text("Add Child")', using first()

[1A[2KChild creation completed, continuing...

[1A[2KCould not create test data, continuing with limited functionality

[1A[2KNo topics available for creating sessions, skipping session creation

[1A[2KNo scheduled sessions found, skipping Skip Day test

[1A[2K[10/117] [chromium] › tests/e2e/homeschool-planning.spec.ts:477:3 › Homeschool Planning Workflow › review system workflow
[1A[2K[chromium] › tests/e2e/homeschool-planning.spec.ts:477:3 › Homeschool Planning Workflow › review system workflow
Found 2 elements matching 'button:has-text("Add Child")', using first()

[1A[2KChild creation completed, continuing...

[1A[2KReview system working correctly - no reviews due yet

[1A[2K[11/117] [chromium] › tests/e2e/homeschool-planning.spec.ts:543:3 › Homeschool Planning Workflow › calendar import functionality
[1A[2K[chromium] › tests/e2e/homeschool-planning.spec.ts:543:3 › Homeschool Planning Workflow › calendar import functionality
Calendar import showing no children message (expected behavior)

[1A[2K[12/117] [chromium] › tests/e2e/homeschool-planning.spec.ts:567:3 › Homeschool Planning Workflow › responsive design and mobile view
[1A[2K[13/117] [chromium] › tests/e2e/homeschool-planning.spec.ts:589:3 › Homeschool Planning Workflow › error handling and validation
[1A[2K[chromium] › tests/e2e/homeschool-planning.spec.ts:589:3 › Homeschool Planning Workflow › error handling and validation
Found 2 elements matching 'button:has-text("Add Child")', using first()

[1A[2KChild creation completed, continuing...

[1A[2K[14/117] [chromium] › tests/e2e/homeschool-planning.spec.ts:638:3 › Homeschool Planning Workflow › data persistence and session management
[1A[2K[chromium] › tests/e2e/homeschool-planning.spec.ts:638:3 › Homeschool Planning Workflow › data persistence and session management
Found 2 elements matching 'button:has-text("Add Child")', using first()

[1A[2KChild creation completed, continuing...

[1A[2KSession management and data persistence test completed successfully

[1A[2K[15/117] [chromium] › tests/e2e/i18n-authenticated.spec.ts:54:3 › i18n for Authenticated Users › should persist language preference for authenticated users across page navigation
[1A[2K[16/117] [chromium] › tests/e2e/i18n-authenticated.spec.ts:118:3 › i18n for Authenticated Users › should maintain language preference after logout and login
[1A[2K[17/117] [chromium] › tests/e2e/i18n-authenticated.spec.ts:118:3 › i18n for Authenticated Users › should maintain language preference after logout and login (retry #1)
[1A[2K  1) [chromium] › tests/e2e/i18n-authenticated.spec.ts:118:3 › i18n for Authenticated Users › should maintain language preference after logout and login 

    TimeoutError: page.waitForURL: Timeout 10000ms exceeded.
    =========================== logs ===========================
    waiting for navigation until "load"
    ============================================================

       9 |   await page.click('button[type="submit"]');
      10 |   // Wait for navigation - could go to dashboard or children page
    > 11 |   await page.waitForURL(/(dashboard|children)/, { timeout: 10000 });
         |              ^
      12 | }
      13 |
      14 | // Helper function to register a new user
        at loginUser (/Users/leonidbugaev/go/src/learning-app/tests/e2e/i18n-authenticated.spec.ts:11:14)
        at /Users/leonidbugaev/go/src/learning-app/tests/e2e/i18n-authenticated.spec.ts:140:5

    attachment #1: screenshot (image/png) ──────────────────────────────────────────────────────────
    test-results/i18n-authenticated-i18n-fo-e2d48-ence-after-logout-and-login-chromium/test-failed-1.png
    ────────────────────────────────────────────────────────────────────────────────────────────────

    Error Context: test-results/i18n-authenticated-i18n-fo-e2d48-ence-after-logout-and-login-chromium/error-context.md

    Retry #1 ───────────────────────────────────────────────────────────────────────────────────────

    TimeoutError: page.waitForURL: Timeout 10000ms exceeded.
    =========================== logs ===========================
    waiting for navigation until "load"
    ============================================================

       9 |   await page.click('button[type="submit"]');
      10 |   // Wait for navigation - could go to dashboard or children page
    > 11 |   await page.waitForURL(/(dashboard|children)/, { timeout: 10000 });
         |              ^
      12 | }
      13 |
      14 | // Helper function to register a new user
        at loginUser (/Users/leonidbugaev/go/src/learning-app/tests/e2e/i18n-authenticated.spec.ts:11:14)
        at /Users/leonidbugaev/go/src/learning-app/tests/e2e/i18n-authenticated.spec.ts:140:5

    attachment #1: screenshot (image/png) ──────────────────────────────────────────────────────────
    test-results/i18n-authenticated-i18n-fo-e2d48-ence-after-logout-and-login-chromium-retry1/test-failed-1.png
    ────────────────────────────────────────────────────────────────────────────────────────────────

    Error Context: test-results/i18n-authenticated-i18n-fo-e2d48-ence-after-logout-and-login-chromium-retry1/error-context.md

    attachment #3: trace (application/zip) ─────────────────────────────────────────────────────────
    test-results/i18n-authenticated-i18n-fo-e2d48-ence-after-logout-and-login-chromium-retry1/trace.zip
    Usage:

        npx playwright show-trace test-results/i18n-authenticated-i18n-fo-e2d48-ence-after-logout-and-login-chromium-retry1/trace.zip

    ────────────────────────────────────────────────────────────────────────────────────────────────


[1A[2K[18/117] [chromium] › tests/e2e/i18n-authenticated.spec.ts:147:3 › i18n for Authenticated Users › should update UI elements when language changes for authenticated user
[1A[2K[19/117] [chromium] › tests/e2e/i18n-authenticated.spec.ts:179:3 › i18n for Authenticated Users › should handle rapid language switches without errors
[1A[2K[20/117] [chromium] › tests/e2e/i18n-enhancements.spec.ts:69:3 › i18n Enhancements - Kids UI Inheritance & Pre-Auth Cookies › should store locale in cookie on authentication pages before login
[1A[2K[chromium] › tests/e2e/i18n-enhancements.spec.ts:69:3 › i18n Enhancements - Kids UI Inheritance & Pre-Auth Cookies › should store locale in cookie on authentication pages before login
⚠️ Pre-auth locale cookie not found - this is expected if language switcher UI is not implemented

[1A[2K✅ Page locale successfully switched to Russian on login page

[1A[2K[21/117] [chromium] › tests/e2e/i18n-enhancements.spec.ts:113:3 › i18n Enhancements - Kids UI Inheritance & Pre-Auth Cookies › should migrate cookie locale to database after successful authentication
[1A[2K[chromium] › tests/e2e/i18n-enhancements.spec.ts:113:3 › i18n Enhancements - Kids UI Inheritance & Pre-Auth Cookies › should migrate cookie locale to database after successful authentication
✅ Registration successful - redirected to dashboard

[1A[2Kℹ️ Current locale is en - migration may need more time or different test approach

[1A[2Kℹ️ Pre-auth locale cookie still present - may be cleared on next request

[1A[2K[22/117] [chromium] › tests/e2e/i18n-enhancements.spec.ts:180:3 › i18n Enhancements - Kids UI Inheritance & Pre-Auth Cookies › should inherit parent locale in child views (simulated)
[1A[2K[chromium] › tests/e2e/i18n-enhancements.spec.ts:180:3 › i18n Enhancements - Kids UI Inheritance & Pre-Auth Cookies › should inherit parent locale in child views (simulated)
ℹ️ Child view locale inheritance test requires authenticated parent session

[1A[2Kℹ️ This functionality is implemented in ChildAccess middleware

[1A[2Kℹ️ When parent sets locale to Russian and navigates to /dashboard/child/{id}/today

[1A[2Kℹ️ The child view should automatically inherit Russian locale

[1A[2K[23/117] [chromium] › tests/e2e/i18n-enhancements.spec.ts:197:3 › i18n Enhancements - Kids UI Inheritance & Pre-Auth Cookies › should handle authentication page detection correctly
[1A[2K[chromium] › tests/e2e/i18n-enhancements.spec.ts:197:3 › i18n Enhancements - Kids UI Inheritance & Pre-Auth Cookies › should handle authentication page detection correctly
✅ Authentication page /login loads correctly

[1A[2K✅ Authentication page /register loads correctly

[1A[2K[24/117] [chromium] › tests/e2e/i18n-enhancements.spec.ts:211:3 › i18n Enhancements - Kids UI Inheritance & Pre-Auth Cookies › should fallback gracefully when database is unavailable
[1A[2K[chromium] › tests/e2e/i18n-enhancements.spec.ts:211:3 › i18n Enhancements - Kids UI Inheritance & Pre-Auth Cookies › should fallback gracefully when database is unavailable
✅ Authentication pages load gracefully even with potential database issues

[1A[2K[25/117] [chromium] › tests/e2e/i18n.spec.ts:69:3 › Internationalization (i18n) › should load JavaScript translations on page
[1A[2K[26/117] [chromium] › tests/e2e/i18n.spec.ts:95:3 › Internationalization (i18n) › should switch languages properly
[1A[2K[27/117] [chromium] › tests/e2e/i18n.spec.ts:148:3 › Internationalization (i18n) › should handle translation parameters in JavaScript
[1A[2K[28/117] [chromium] › tests/e2e/i18n.spec.ts:160:3 › Internationalization (i18n) › should handle missing translation keys gracefully
[1A[2K[29/117] [chromium] › tests/e2e/i18n.spec.ts:172:3 › Internationalization (i18n) › should persist language preference across page navigation
[1A[2K[30/117] [chromium] › tests/e2e/review-basic.spec.ts:42:3 › Basic Review System Tests › basic review workflow: navigate pages and verify functionality
[1A[2K[chromium] › tests/e2e/review-basic.spec.ts:42:3 › Basic Review System Tests › basic review workflow: navigate pages and verify functionality
Testing basic review system workflow...

[1A[2KBasic review workflow test completed successfully

[1A[2K[31/117] [chromium] › tests/e2e/review-system.spec.ts:68:3 › Review System E2E Tests › complete review workflow: setup slots → complete sessions → review
[1A[2K[chromium] › tests/e2e/review-system.spec.ts:68:3 › Review System E2E Tests › complete review workflow: setup slots → complete sessions → review
Testing basic review system workflow...

[1A[2KBasic review workflow test completed successfully

[1A[2KReview workflow test completed - all basic functionality verified

[1A[2K[32/117] [chromium] › tests/e2e/review-system.spec.ts:140:3 › Review System E2E Tests › review scheduling and spaced repetition
[1A[2K[33/117] [chromium] › tests/e2e/review-system.spec.ts:188:3 › Review System E2E Tests › review performance tracking and analytics
[1A[2K[34/117] [chromium] › tests/e2e/review-system.spec.ts:232:3 › Review System E2E Tests › review slot management and validation
[1A[2K[35/117] [chromium] › tests/e2e/review-system.spec.ts:271:3 › Review System E2E Tests › review system with multiple children
[1A[2K[36/117] [chromium] › tests/e2e/review-system.spec.ts:271:3 › Review System E2E Tests › review system with multiple children (retry #1)
[1A[2K  2) [chromium] › tests/e2e/review-system.spec.ts:271:3 › Review System E2E Tests › review system with multiple children 

    Error: [2mexpect([22m[31mreceived[39m[2m).[22mnot[2m.[22mtoBe[2m([22m[32mexpected[39m[2m) // Object.is equality[22m

    Expected: not [32m"·····[39m
    [32m    <div class=\"grid grid-cols-1 md:grid-cols-2 lg:grid-cols-4 gap-6\">[39m
    [32m        <div class=\"bg-white rounded-lg shadow p-6\">[39m
    [32m            <div class=\"flex items-center\">[39m
    [32m                <div class=\"flex-shrink-0\">[39m
    [32m                    <div class=\"w-8 h-8 bg-red-100 rounded-lg flex items-center justify-center\">[39m
    [32m                        <svg class=\"w-5 h-5 text-red-600\" fill=\"none\" stroke=\"currentColor\" viewBox=\"0 0 24 24\">[39m
    [32m                            <path stroke-linecap=\"round\" stroke-linejoin=\"round\" stroke-width=\"2\" d=\"M12 8v4l3 3m6-3a9 9 0 11-18 0 9 9 0 0118 0z\"></path>[39m
    [32m                        </svg>[39m
    [32m                    </div>[39m
    [32m                </div>[39m
    [32m                <div class=\"ml-4\">[39m
    [32m                    <h3 class=\"text-sm font-medium text-gray-500\">Due Today</h3>[39m
    [32m                    <p class=\"text-2xl font-semibold text-gray-900\">0</p>[39m
    [32m                </div>[39m
    [32m            </div>[39m
    [32m        </div>·[39m
    [32m        <div class=\"bg-white rounded-lg shadow p-6\">[39m
    [32m            <div class=\"flex items-center\">[39m
    [32m                <div class=\"flex-shrink-0\">[39m
    [32m                    <div class=\"w-8 h-8 bg-blue-100 rounded-lg flex items-center justify-center\">[39m
    [32m                        <svg class=\"w-5 h-5 text-blue-600\" fill=\"none\" stroke=\"currentColor\" viewBox=\"0 0 24 24\">[39m
    [32m                            <path stroke-linecap=\"round\" stroke-linejoin=\"round\" stroke-width=\"2\" d=\"M12 6v6m0 0v6m0-6h6m-6 0H6\"></path>[39m
    [32m                        </svg>[39m
    [32m                    </div>[39m
    [32m                </div>[39m
    [32m                <div class=\"ml-4\">[39m
    [32m                    <h3 class=\"text-sm font-medium text-gray-500\">New Cards</h3>[39m
    [32m                    <p class=\"text-2xl font-semibold text-gray-900\">0</p>[39m
    [32m                </div>[39m
    [32m            </div>[39m
    [32m        </div>·[39m
    [32m        <div class=\"bg-white rounded-lg shadow p-6\">[39m
    [32m            <div class=\"flex items-center\">[39m
    [32m                <div class=\"flex-shrink-0\">[39m
    [32m                    <div class=\"w-8 h-8 bg-purple-100 rounded-lg flex items-center justify-center\">[39m
    [32m                        <svg class=\"w-5 h-5 text-purple-600\" fill=\"none\" stroke=\"currentColor\" viewBox=\"0 0 24 24\">[39m
    [32m                            <path stroke-linecap=\"round\" stroke-linejoin=\"round\" stroke-width=\"2\" d=\"M9 12l2 2 4-4m6 2a9 9 0 11-18 0 9 9 0 0118 0z\"></path>[39m
    [32m                        </svg>[39m
    [32m                    </div>[39m
    [32m                </div>[39m
    [32m                <div class=\"ml-4\">[39m
    [32m                    <h3 class=\"text-sm font-medium text-gray-500\">Mastered</h3>[39m
    [32m                    <p class=\"text-2xl font-semibold text-gray-900\">0</p>[39m
    [32m                </div>[39m
    [32m            </div>[39m
    [32m        </div>·[39m
    [32m        <div class=\"bg-white rounded-lg shadow p-6\">[39m
    [32m            <div class=\"flex items-center\">[39m
    [32m                <div class=\"flex-shrink-0\">[39m
    [32m                    <div class=\"w-8 h-8 bg-green-100 rounded-lg flex items-center justify-center\">[39m
    [32m                        <svg class=\"w-5 h-5 text-green-600\" fill=\"none\" stroke=\"currentColor\" viewBox=\"0 0 24 24\">[39m
    [32m                            <path stroke-linecap=\"round\" stroke-linejoin=\"round\" stroke-width=\"2\" d=\"M16 8v8m-4-5v5m-4-2v2\"></path>[39m
    [32m                        </svg>[39m
    [32m                    </div>[39m
    [32m                </div>[39m
    [32m                <div class=\"ml-4\">[39m
    [32m                    <h3 class=\"text-sm font-medium text-gray-500\">Retention</h3>[39m
    [32m                    <p class=\"text-2xl font-semibold text-gray-900\">0%</p>[39m
    [32m                </div>[39m
    [32m            </div>[39m
    [32m        </div>[39m
    [32m    </div>······[39m
    [32m    <div class=\"review-analytics bg-white rounded-lg shadow\">[39m
    [32m        <div class=\"px-6 py-4 border-b border-gray-200\">[39m
    [32m            <h2 class=\"text-lg font-semibold text-gray-900\">Performance Analytics</h2>[39m
    [32m        </div>[39m
    [32m        <div class=\"p-6\">[39m
    [32m            <div class=\"grid grid-cols-1 md:grid-cols-3 gap-6\">[39m
    [32m                <div class=\"text-center\">[39m
    [32m                    <div class=\"total-reviews-count text-3xl font-bold text-gray-900\">[39m
    [32m                        0[39m
    [32m                    </div>[39m
    [32m                    <div class=\"text-sm text-gray-500 mt-1\">Total Reviews</div>[39m
    [32m                </div>[39m
    [32m                <div class=\"text-center\">[39m
    [32m                    <div class=\"retention-percentage text-3xl font-bold text-green-600\">[39m
    [32m                        0%[39m
    [32m                    </div>[39m
    [32m                    <div class=\"text-sm text-gray-500 mt-1\">Retention Rate</div>[39m
    [32m                </div>[39m
    [32m                <div class=\"text-center\">[39m
    [32m                    <div class=\"average-interval text-3xl font-bold text-blue-600\">[39m
    [32m                                                0[39m
    [32m                    </div>[39m
    [32m                    <div class=\"text-sm text-gray-500 mt-1\">Avg Interval (days)</div>[39m
    [32m                </div>[39m
    [32m            </div>··············[39m
    [32m            <div class=\"subject-performance mt-6\">[39m
    [32m                <h3 class=\"text-sm font-medium text-gray-700 mb-3\">Performance by Status</h3>[39m
    [32m                <div class=\"grid grid-cols-3 gap-4\">[39m
    [32m                    <div class=\"text-center p-3 bg-yellow-50 rounded\">[39m
    [32m                        <div class=\"text-lg font-semibold text-yellow-800\">0</div>[39m
    [32m                        <div class=\"text-xs text-yellow-600\">Learning</div>[39m
    [32m                    </div>[39m
    [32m                    <div class=\"text-center p-3 bg-blue-50 rounded\">[39m
    [32m                        <div class=\"text-lg font-semibold text-blue-800\">0</div>[39m
    [32m                        <div class=\"text-xs text-blue-600\">Reviewing</div>[39m
    [32m                    </div>[39m
    [32m                    <div class=\"text-center p-3 bg-green-50 rounded\">[39m
    [32m                        <div class=\"text-lg font-semibold text-green-800\">0</div>[39m
    [32m                        <div class=\"text-xs text-green-600\">Mastered</div>[39m
    [32m                    </div>[39m
    [32m                </div>[39m
    [32m            </div>··············[39m
    [32m            <div class=\"difficulty-breakdown mt-6\">[39m
    [32m                <h3 class=\"text-sm font-medium text-gray-700 mb-3\">Recent Performance</h3>[39m
    [32m                <div class=\"grid grid-cols-4 gap-2 text-center text-sm\">[39m
    [32m                    <div class=\"p-2 bg-red-50 rounded\">[39m
    [32m                        <div class=\"font-medium text-red-800\">Again</div>[39m
    [32m                        <div class=\"text-red-600\">0</div>[39m
    [32m                    </div>[39m
    [32m                    <div class=\"p-2 bg-orange-50 rounded\">[39m
    [32m                        <div class=\"font-medium text-orange-800\">Hard</div>[39m
    [32m                        <div class=\"text-orange-600\">0</div>[39m
    [32m                    </div>[39m
    [32m                    <div class=\"p-2 bg-green-50 rounded\">[39m
    [32m                        <div class=\"font-medium text-green-800\">Good</div>[39m
    [32m                        <div class=\"text-green-600\">0</div>[39m
    [32m                    </div>[39m
    [32m                    <div class=\"p-2 bg-blue-50 rounded\">[39m
    [32m                        <div class=\"font-medium text-blue-800\">Easy</div>[39m
    [32m                        <div class=\"text-blue-600\">0</div>[39m
    [32m                    </div>[39m
    [32m                </div>[39m
    [32m            </div>··············[39m
    [32m            <div class=\"mt-6 flex justify-center\">[39m
    [32m                <div class=\"inline-flex rounded-md shadow-sm\" role=\"group\">[39m
    [32m                    <button type=\"button\" onclick=\"showWeeklyStats()\" id=\"weekly-toggle\" class=\"px-4 py-2 text-sm font-medium text-white bg-blue-600 border border-blue-600 rounded-l-lg hover:bg-blue-700\">[39m
    [32m                        Weekly[39m
    [32m                    </button>[39m
    [32m                    <button type=\"button\" onclick=\"showMonthlyStats()\" id=\"monthly-toggle\" class=\"px-4 py-2 text-sm font-medium text-gray-900 bg-white border border-gray-200 rounded-r-lg hover:bg-gray-100\">[39m
    [32m                        Monthly[39m
    [32m                    </button>[39m
    [32m                </div>[39m
    [32m            </div>··············[39m
    [32m            <div class=\"weekly-stats mt-4\" style=\"display: block;\">[39m
    [32m                <div class=\"bg-gray-50 rounded-lg p-4\">[39m
    [32m                    <h4 class=\"text-sm font-medium text-gray-700 mb-3\">This Week</h4>[39m
    [32m                    <div class=\"grid grid-cols-4 gap-4 text-center\">[39m
    [32m                        <div class=\"p-2 bg-white rounded\">[39m
    [32m                            <div class=\"text-lg font-semibold\">0</div>[39m
    [32m                            <div class=\"text-xs text-gray-600\">Reviews</div>[39m
    [32m                        </div>[39m
    [32m                        <div class=\"p-2 bg-white rounded\">[39m
    [32m                            <div class=\"text-lg font-semibold text-green-700\">0%</div>[39m
    [32m                            <div class=\"text-xs text-gray-600\">Success</div>[39m
    [32m                        </div>[39m
    [32m                        <div class=\"p-2 bg-white rounded\">[39m
    [32m                            <div class=\"text-lg font-semibold text-blue-700\">0</div>[39m
    [32m                            <div class=\"text-xs text-gray-600\">Avg Days</div>[39m
    [32m                        </div>[39m
    [32m                        <div class=\"p-2 bg-white rounded\">[39m
    [32m                            <div class=\"text-lg font-semibold text-yellow-700\">0</div>[39m
    [32m                            <div class=\"text-xs text-gray-600\">New</div>[39m
    [32m                        </div>[39m
    [32m                    </div>[39m
    [32m                </div>[39m
    [32m            </div>·[39m
    [32m            <div class=\"monthly-stats mt-4\" style=\"display: none;\">[39m
    [32m                <div class=\"bg-gray-50 rounded-lg p-4\">[39m
    [32m                    <h4 class=\"text-sm font-medium text-gray-700 mb-3\">This Month</h4>[39m
    [32m                    <div class=\"grid grid-cols-4 gap-4 text-center\">[39m
    [32m                        <div class=\"p-2 bg-white rounded\">[39m
    [32m                            <div class=\"text-lg font-semibold\">0</div>[39m
    [32m                            <div class=\"text-xs text-gray-600\">Reviews</div>[39m
    [32m                        </div>[39m
    [32m                        <div class=\"p-2 bg-white rounded\">[39m
    [32m                            <div class=\"text-lg font-semibold text-green-700\">0%</div>[39m
    [32m                            <div class=\"text-xs text-gray-600\">Success</div>[39m
    [32m                        </div>[39m
    [32m                        <div class=\"p-2 bg-white rounded\">[39m
    [32m                            <div class=\"text-lg font-semibold text-blue-700\">0</div>[39m
    [32m                            <div class=\"text-xs text-gray-600\">Avg Days</div>[39m
    [32m                        </div>[39m
    [32m                        <div class=\"p-2 bg-white rounded\">[39m
    [32m                            <div class=\"text-lg font-semibold text-yellow-700\">0</div>[39m
    [32m                            <div class=\"text-xs text-gray-600\">New</div>[39m
    [32m                        </div>[39m
    [32m                    </div>[39m
    [32m                </div>[39m
    [32m            </div>[39m
    [32m        </div>[39m
    [32m    </div>······[39m
    [32m    <div class=\"bg-white rounded-lg shadow\">[39m
    [32m        <div class=\"px-6 py-4 border-b border-gray-200\">[39m
    [32m            <h2 class=\"text-lg font-semibold text-gray-900\">Today's Review Slots</h2>[39m
    [32m        </div>[39m
    [32m        <div class=\"p-6\">[39m
    [32m                            <div class=\"grid grid-cols-1 md:grid-cols-2 lg:grid-cols-3 gap-4\">[39m
    [32m                                                                    <div class=\"review-slot border rounded-lg p-4 border-blue-500 bg-blue-50\">[39m
    [32m                            <div class=\"flex items-center justify-between mb-2\">[39m
    [32m                                <span class=\"text-sm font-medium text-gray-900\">8:00 AM - 8:05 AM</span>[39m
    [32m                                <span class=\"inline-flex items-center px-2 py-1 text-xs font-medium rounded-full bg-green-100 text-green-800\">[39m
    [32m                                    Micro Session[39m
    [32m                                </span>[39m
    [32m                            </div>[39m
    [32m                            <div class=\"text-xs text-gray-600\">[39m
    [32m                                Duration: 5m[39m
    [32m                            </div>·····························[39m
    [32m                                                            <div class=\"mt-2 text-xs text-blue-600\">[39m
    [32m                                    Starts in 68 minutes[39m
    [32m                                </div>[39m
    [32m                                                    </div>[39m
    [32m                                                                    <div class=\"review-slot border rounded-lg p-4 border-blue-500 bg-blue-50\">[39m
    [32m                            <div class=\"flex items-center justify-between mb-2\">[39m
    [32m                                <span class=\"text-sm font-medium text-gray-900\">7:30 PM - 7:35 PM</span>[39m
    [32m                                <span class=\"inline-flex items-center px-2 py-1 text-xs font-medium rounded-full bg-green-100 text-green-800\">[39m
    [32m                                    Micro Session[39m
    [32m                                </span>[39m
    [32m                            </div>[39m
    [32m                            <div class=\"text-xs text-gray-600\">[39m
    [32m                                Duration: 5m[39m
    [32m                            </div>·····························[39m
    [32m                                                            <div class=\"mt-2 text-xs text-blue-600\">[39m
    [32m                                    Starts in 758 minutes[39m
    [32m                                </div>[39m
    [32m                                                    </div>[39m
    [32m                                    </div>[39m
    [32m                    </div>[39m
    [32m    </div>······[39m
    [32m    <div class=\"grid grid-cols-1 lg:grid-cols-3 gap-6\">·········[39m
    [32m        <div class=\"lg:col-span-2 bg-white rounded-lg shadow\">[39m
    [32m            <div class=\"px-6 py-4 border-b border-gray-200\">[39m
    [32m                <div class=\"flex items-center justify-between\">[39m
    [32m                    <h2 class=\"text-lg font-semibold text-gray-900\">Review Queue</h2>[39m
    [32m                                    </div>[39m
    [32m            </div>[39m
    [32m            <div class=\"p-6\">[39m
    [32m                                    <div class=\"text-center py-8\">[39m
    [32m                        <div class=\"mx-auto h-12 w-12 text-gray-400\">[39m
    [32m                            <svg fill=\"none\" stroke=\"currentColor\" viewBox=\"0 0 24 24\">[39m
    [32m                                <path stroke-linecap=\"round\" stroke-linejoin=\"round\" stroke-width=\"2\" d=\"M9 12l2 2 4-4m6 2a9 9 0 11-18 0 9 9 0 0118 0z\"></path>[39m
    [32m                            </svg>[39m
    [32m                        </div>[39m
    [32m                        <h3 class=\"mt-2 text-sm font-medium text-gray-900\">All caught up!</h3>[39m
    [32m                        <p class=\"mt-1 text-sm text-gray-500\">No reviews due right now. Great work!</p>[39m
    [32m                    </div>[39m
    [32m                            </div>[39m
    [32m        </div>··········[39m
    [32m        <div class=\"space-y-6\">·············[39m
    [32m            <div class=\"bg-white rounded-lg shadow\">[39m
    [32m                <div class=\"px-6 py-4 border-b border-gray-200\">[39m
    [32m                    <h3 class=\"text-lg font-semibold text-gray-900\">Quick Actions</h3>[39m
    [32m                </div>[39m
    [32m                <div class=\"p-6 space-y-3\">[39m
    [32m                    <a href=\"http://127.0.0.1:8001/reviews/slots/11\" class=\"flex items-center p-3 text-sm text-gray-700 rounded-lg hover:bg-gray-50 transition-colors\">[39m
    [32m                        <svg class=\"w-5 h-5 mr-3 text-gray-400\" fill=\"none\" stroke=\"currentColor\" viewBox=\"0 0 24 24\">[39m
    [32m                            <path stroke-linecap=\"round\" stroke-linejoin=\"round\" stroke-width=\"2\" d=\"M12 8v4l3 3m6-3a9 9 0 11-18 0 9 9 0 0118 0z\"></path>[39m
    [32m                        </svg>[39m
    [32m                        Manage Review Slots[39m
    [32m                    </a>·····················[39m
    [32m                    <a href=\"http://127.0.0.1:8001/planning?child_id=11\" class=\"flex items-center p-3 text-sm text-gray-700 rounded-lg hover:bg-gray-50 transition-colors\">[39m
    [32m                        <svg class=\"w-5 h-5 mr-3 text-gray-400\" fill=\"none\" stroke=\"currentColor\" viewBox=\"0 0 24 24\">[39m
    [32m                            <path stroke-linecap=\"round\" stroke-linejoin=\"round\" stroke-width=\"2\" d=\"M9 5H7a2 2 0 00-2 2v12a2 2 0 002 2h10a2 2 0 002-2V7a2 2 0 00-2-2h-2M9 5a2 2 0 002 2h2a2 2 0 002-2M9 5a2 2 0 012-2h2a2 2 0 012 2\"></path>[39m
    [32m                        </svg>[39m
    [32m                        Planning Board[39m
    [32m                    </a>·····················[39m
    [32m                    <a href=\"#\" class=\"flex items-center p-3 text-sm text-gray-700 rounded-lg hover:bg-gray-50 transition-colors\">[39m
    [32m                        <svg class=\"w-5 h-5 mr-3 text-gray-400\" fill=\"none\" stroke=\"currentColor\" viewBox=\"0 0 24 24\">[39m
    [32m                            <path stroke-linecap=\"round\" stroke-linejoin=\"round\" stroke-width=\"2\" d=\"M9 19v-6a2 2 0 00-2-2H5a2 2 0 00-2 2v6a2 2 0 002 2h2a2 2 0 002-2zm0 0V9a2 2 0 012-2h2a2 2 0 012 2v10m-6 0a2 2 0 002 2h2a2 2 0 002-2m0 0V5a2 2 0 012-2h2a2 2 0 012 2v14a2 2 0 01-2 2h-2a2 2 0 01-2-2z\"></path>[39m
    [32m                        </svg>[39m
    [32m                        Review History[39m
    [32m                    </a>[39m
    [32m                </div>[39m
    [32m            </div>··············[39m
    [32m            <div class=\"bg-white rounded-lg shadow\">[39m
    [32m                <div class=\"px-6 py-4 border-b border-gray-200\">[39m
    [32m                    <h3 class=\"text-lg font-semibold text-gray-900\">Review Stats</h3>[39m
    [32m                </div>[39m
    [32m                <div class=\"review-stats p-6\">[39m
    [32m                    <div class=\"space-y-4\">[39m
    [32m                        <div class=\"retention-rate\">[39m
    [32m                            <div class=\"flex justify-between text-sm text-gray-600 mb-1\">[39m
    [32m                                <span>Overall Retention</span>[39m
    [32m                                <span>0%</span>[39m
    [32m                            </div>[39m
    [32m                            <div class=\"w-full bg-gray-200 rounded-full h-2\">[39m
    [32m                                <div class=\"bg-green-500 h-2 rounded-full\" style=\"width: 0%\"></div>[39m
    [32m                            </div>[39m
    [32m                        </div>·························[39m
    [32m                        <div class=\"grid grid-cols-1 gap-3 text-center text-sm\">[39m
    [32m                            <div class=\"p-3 bg-blue-50 rounded\">[39m
    [32m                                <div class=\"text-lg font-semibold text-blue-800\">0</div>[39m
    [32m                                <div class=\"text-xs text-blue-600\">Due Today</div>[39m
    [32m                            </div>[39m
    [32m                                                    </div>··························[39m
    [32m                        <div class=\"next-review-session mt-4 p-3 bg-gray-50 rounded\">[39m
    [32m                            <div class=\"text-sm font-medium text-gray-900 mb-1\">Next Scheduled Review</div>[39m
    [32m                                                                                                                                <div class=\"next-scheduled-review text-sm text-gray-600\">[39m
    [32m                                                                                <span>Today</span>[39m
    [32m                                        at <span>8:00 AM</span>[39m
    [32m                                    </div>[39m
    [32m                                                                                    </div>[39m
    [32m                    </div>[39m
    [32m                </div>[39m
    [32m            </div>··············[39m
    [32m            <div class=\"bg-white rounded-lg shadow\">[39m
    [32m                <div class=\"px-6 py-4 border-b border-gray-200\">[39m
    [32m                    <h3 class=\"text-lg font-semibold text-gray-900\">Learning Progress</h3>[39m
    [32m                </div>[39m
    [32m                <div class=\"p-6\">[39m
    [32m                    <div class=\"space-y-4\">[39m
    [32m                        <div>[39m
    [32m                            <div class=\"flex justify-between text-sm text-gray-600 mb-1\">[39m
    [32m                                <span>Learning</span>[39m
    [32m                                <span>0</span>[39m
    [32m                            </div>[39m
    [32m                            <div class=\"w-full bg-gray-200 rounded-full h-2\">[39m
    [32m                                <div class=\"bg-yellow-500 h-2 rounded-full\" style=\"width: 0%\"></div>[39m
    [32m                            </div>[39m
    [32m                        </div>·························[39m
    [32m                        <div>[39m
    [32m                            <div class=\"flex justify-between text-sm text-gray-600 mb-1\">[39m
    [32m                                <span>Reviewing</span>[39m
    [32m                                <span>0</span>[39m
    [32m                            </div>[39m
    [32m                            <div class=\"w-full bg-gray-200 rounded-full h-2\">[39m
    [32m                                <div class=\"bg-blue-500 h-2 rounded-full\" style=\"width: 0%\"></div>[39m
    [32m                            </div>[39m
    [32m                        </div>·························[39m
    [32m                        <div>[39m
    [32m                            <div class=\"flex justify-between text-sm text-gray-600 mb-1\">[39m
    [32m                                <span>Mastered</span>[39m
    [32m                                <span>0</span>[39m
    [32m                            </div>[39m
    [32m                            <div class=\"w-full bg-gray-200 rounded-full h-2\">[39m
    [32m                                <div class=\"bg-green-500 h-2 rounded-full\" style=\"width: 0%\"></div>[39m
    [32m                            </div>[39m
    [32m                        </div>[39m
    [32m                    </div>[39m
    [32m                </div>[39m
    [32m            </div>[39m
    [32m        </div>[39m
    [32m    </div>······[39m
    [32m    <div class=\"bg-white rounded-lg shadow\">[39m
    [32m        <div class=\"px-6 py-4 border-b border-gray-200\">[39m
    [32m            <div class=\"flex items-center justify-between\">[39m
    [32m                <h3 class=\"text-lg font-semibold text-gray-900\">Review History</h3>[39m
    [32m                <button class=\"text-sm text-blue-600 hover:text-blue-500\">View All</button>[39m
    [32m            </div>[39m
    [32m        </div>[39m
    [32m        <div class=\"p-6\">[39m
    [32m            <div class=\"review-history-table\">[39m
    [32m                <table class=\"min-w-full\">[39m
    [32m                    <thead class=\"bg-gray-50\">[39m
    [32m                        <tr>[39m
    [32m                            <th class=\"px-3 py-2 text-left text-xs font-medium text-gray-500 uppercase\">Date</th>[39m
    [32m                            <th class=\"px-3 py-2 text-left text-xs font-medium text-gray-500 uppercase\">Topic</th>[39m
    [32m                            <th class=\"px-3 py-2 text-left text-xs font-medium text-gray-500 uppercase\">Performance</th>[39m
    [32m                            <th class=\"px-3 py-2 text-left text-xs font-medium text-gray-500 uppercase\">Next Review</th>[39m
    [32m                        </tr>[39m
    [32m                    </thead>[39m
    [32m                    <tbody class=\"divide-y divide-gray-200\">[39m
    [32m                                                    <tr>[39m
    [32m                                <td colspan=\"4\" class=\"px-3 py-6 text-center text-sm text-gray-500\">[39m
    [32m                                    No review history yet[39m
    [32m                                </td>[39m
    [32m                            </tr>[39m
    [32m                                            </tbody>[39m
    [32m                </table>[39m
    [32m            </div>[39m
    [32m        </div>[39m
    [32m    </div>[39m
    [32m"[39m

      347 |     
      348 |     // Verify that the dashboards are different (child isolation works)
    > 349 |     expect(firstChildDashboard).not.toBe(secondChildDashboard);
          |                                     ^
      350 |   });
      351 |
      352 |   test('review session interruption and resume', async ({ page }) => {
        at /Users/leonidbugaev/go/src/learning-app/tests/e2e/review-system.spec.ts:349:37

    attachment #1: screenshot (image/png) ──────────────────────────────────────────────────────────
    test-results/review-system-Review-Syste-ecef3-stem-with-multiple-children-chromium/test-failed-1.png
    ────────────────────────────────────────────────────────────────────────────────────────────────

    Error Context: test-results/review-system-Review-Syste-ecef3-stem-with-multiple-children-chromium/error-context.md


[1A[2K[37/117] [chromium] › tests/e2e/review-system.spec.ts:352:3 › Review System E2E Tests › review session interruption and resume
[1A[2K[chromium] › tests/e2e/review-system.spec.ts:352:3 › Review System E2E Tests › review session interruption and resume
No reviews available for session - showing "All caught up!" message

[1A[2K[38/117] [chromium] › tests/e2e/tasks.spec.ts:58:3 › Task Management › should display dashboard initially (homeschool learning management)
[1A[2K[chromium] › tests/e2e/tasks.spec.ts:58:3 › Task Management › should display dashboard initially (homeschool learning management)
Learning management features found on the page

[1A[2K[39/117] [chromium] › tests/e2e/tasks.spec.ts:98:3 › Task Management › should create a new task
[1A[2K[chromium] › tests/e2e/tasks.spec.ts:98:3 › Task Management › should create a new task
No task creation form found - tasks feature may not be fully implemented

[1A[2K[40/117] [chromium] › tests/e2e/tasks.spec.ts:138:3 › Task Management › should handle task creation validation
[1A[2K[41/117] [chromium] › tests/e2e/tasks.spec.ts:158:3 › Task Management › should verify data isolation - task data should not persist between test runs
[1A[2K[chromium] › tests/e2e/tasks.spec.ts:158:3 › Task Management › should verify data isolation - task data should not persist between test runs
Created test data that should be automatically cleaned up

[1A[2K[42/117] [firefox] › tests/e2e/auth.spec.ts:17:3 › Authentication Flow › should display registration form
[1A[2K[43/117] [firefox] › tests/e2e/auth.spec.ts:41:3 › Authentication Flow › should display login form
[1A[2K[44/117] [firefox] › tests/e2e/auth.spec.ts:59:3 › Authentication Flow › should register new user and create test data
[1A[2K[45/117] [firefox] › tests/e2e/auth.spec.ts:109:3 › Authentication Flow › should handle registration validation errors
[1A[2K[46/117] [firefox] › tests/e2e/auth.spec.ts:120:3 › Authentication Flow › should navigate between auth pages
[1A[2K[47/117] [firefox] › tests/e2e/debug-auth.spec.ts:5:1 › debug registration and dashboard access
[1A[2K[firefox] › tests/e2e/debug-auth.spec.ts:5:1 › debug registration and dashboard access
1. Going to register page...

[1A[2K2. Filling registration form...

[1A[2K3. Submitting registration...

[1A[2K4. Current URL after registration: http://127.0.0.1:8001/dashboard

[1A[2K5. Page title: TaskMaster

[1A[2KSUCCESS: Redirected to dashboard

[1A[2KDashboard H1 text: 
              
                
                  
                
                Homeschool Hub
              
            

[1A[2K8. Trying to access /children...

[1A[2K9. Children page URL: http://127.0.0.1:8001/children

[1A[2KSUCCESS: Access to children page granted

[1A[2KChildren page contains "Add Child"? [33mtrue[39m

[1A[2K[48/117] [firefox] › tests/e2e/homeschool-planning.spec.ts:43:3 › Homeschool Planning Workflow › complete planning workflow: child → subjects → units → topics → sessions → calendar
[1A[2K[firefox] › tests/e2e/homeschool-planning.spec.ts:43:3 › Homeschool Planning Workflow › complete planning workflow: child → subjects → units → topics → sessions → calendar
API Response status: [33m200[39m

[1A[2KAPI Response body (first 200 chars): <div class="bg-white rounded-lg shadow-sm p-12 text-center">
        <svg class="mx-auto h-12 w-12 text-gray-400 mb-4" fill="none" viewBox="0 0 24 24" stroke="currentColor">
            <path stroke-l

[1A[2KChild created successfully via API

[1A[2KChildren count after navigation: [33m0[39m

[1A[2KNo children found, skipping workflow test that requires children

[1A[2K[49/117] [firefox] › tests/e2e/homeschool-planning.spec.ts:254:3 › Homeschool Planning Workflow › parent and child view switching
[1A[2K[firefox] › tests/e2e/homeschool-planning.spec.ts:254:3 › Homeschool Planning Workflow › parent and child view switching
Found 2 elements matching 'button:has-text("Add Child")', using first()

[1A[2K[50/117] [firefox] › tests/e2e/homeschool-planning.spec.ts:315:3 › Homeschool Planning Workflow › session management and catch-up system
[1A[2K[firefox] › tests/e2e/homeschool-planning.spec.ts:315:3 › Homeschool Planning Workflow › session management and catch-up system
Found 2 elements matching 'button:has-text("Add Child")', using first()

[1A[2KChild creation completed, continuing...

[1A[2KCould not create test data, continuing with limited functionality

[1A[2KNo topics available for creating sessions, skipping session creation

[1A[2KNo scheduled sessions found, skipping Skip Day test

[1A[2K[51/117] [firefox] › tests/e2e/homeschool-planning.spec.ts:477:3 › Homeschool Planning Workflow › review system workflow
[1A[2K[firefox] › tests/e2e/homeschool-planning.spec.ts:477:3 › Homeschool Planning Workflow › review system workflow
Found 2 elements matching 'button:has-text("Add Child")', using first()

[1A[2KChild creation completed, continuing...

[1A[2KReview system working correctly - no reviews due yet

[1A[2K[52/117] [firefox] › tests/e2e/homeschool-planning.spec.ts:543:3 › Homeschool Planning Workflow › calendar import functionality
[1A[2K[firefox] › tests/e2e/homeschool-planning.spec.ts:543:3 › Homeschool Planning Workflow › calendar import functionality
Calendar import showing no children message (expected behavior)

[1A[2K[53/117] [firefox] › tests/e2e/homeschool-planning.spec.ts:567:3 › Homeschool Planning Workflow › responsive design and mobile view
[1A[2K[54/117] [firefox] › tests/e2e/homeschool-planning.spec.ts:589:3 › Homeschool Planning Workflow › error handling and validation
[1A[2K[firefox] › tests/e2e/homeschool-planning.spec.ts:589:3 › Homeschool Planning Workflow › error handling and validation
Found 2 elements matching 'button:has-text("Add Child")', using first()

[1A[2KChild creation completed, continuing...

[1A[2K[55/117] [firefox] › tests/e2e/homeschool-planning.spec.ts:638:3 › Homeschool Planning Workflow › data persistence and session management
[1A[2K[firefox] › tests/e2e/homeschool-planning.spec.ts:638:3 › Homeschool Planning Workflow › data persistence and session management
Found 2 elements matching 'button:has-text("Add Child")', using first()

[1A[2KChild creation completed, continuing...

[1A[2KSession management and data persistence test completed successfully

[1A[2K[56/117] [firefox] › tests/e2e/i18n-authenticated.spec.ts:54:3 › i18n for Authenticated Users › should persist language preference for authenticated users across page navigation
[1A[2K[57/117] [firefox] › tests/e2e/i18n-authenticated.spec.ts:118:3 › i18n for Authenticated Users › should maintain language preference after logout and login
[1A[2K[58/117] [firefox] › tests/e2e/i18n-authenticated.spec.ts:118:3 › i18n for Authenticated Users › should maintain language preference after logout and login (retry #1)
[1A[2K  3) [firefox] › tests/e2e/i18n-authenticated.spec.ts:118:3 › i18n for Authenticated Users › should maintain language preference after logout and login 

    TimeoutError: page.waitForURL: Timeout 10000ms exceeded.
    =========================== logs ===========================
    waiting for navigation until "load"
    ============================================================

       9 |   await page.click('button[type="submit"]');
      10 |   // Wait for navigation - could go to dashboard or children page
    > 11 |   await page.waitForURL(/(dashboard|children)/, { timeout: 10000 });
         |              ^
      12 | }
      13 |
      14 | // Helper function to register a new user
        at loginUser (/Users/leonidbugaev/go/src/learning-app/tests/e2e/i18n-authenticated.spec.ts:11:14)
        at /Users/leonidbugaev/go/src/learning-app/tests/e2e/i18n-authenticated.spec.ts:140:5

    attachment #1: screenshot (image/png) ──────────────────────────────────────────────────────────
    test-results/i18n-authenticated-i18n-fo-e2d48-ence-after-logout-and-login-firefox/test-failed-1.png
    ────────────────────────────────────────────────────────────────────────────────────────────────

    Error Context: test-results/i18n-authenticated-i18n-fo-e2d48-ence-after-logout-and-login-firefox/error-context.md

    Retry #1 ───────────────────────────────────────────────────────────────────────────────────────

    TimeoutError: page.waitForURL: Timeout 10000ms exceeded.
    =========================== logs ===========================
    waiting for navigation until "load"
    ============================================================

       9 |   await page.click('button[type="submit"]');
      10 |   // Wait for navigation - could go to dashboard or children page
    > 11 |   await page.waitForURL(/(dashboard|children)/, { timeout: 10000 });
         |              ^
      12 | }
      13 |
      14 | // Helper function to register a new user
        at loginUser (/Users/leonidbugaev/go/src/learning-app/tests/e2e/i18n-authenticated.spec.ts:11:14)
        at /Users/leonidbugaev/go/src/learning-app/tests/e2e/i18n-authenticated.spec.ts:140:5

    attachment #1: screenshot (image/png) ──────────────────────────────────────────────────────────
    test-results/i18n-authenticated-i18n-fo-e2d48-ence-after-logout-and-login-firefox-retry1/test-failed-1.png
    ────────────────────────────────────────────────────────────────────────────────────────────────

    Error Context: test-results/i18n-authenticated-i18n-fo-e2d48-ence-after-logout-and-login-firefox-retry1/error-context.md

    attachment #3: trace (application/zip) ─────────────────────────────────────────────────────────
    test-results/i18n-authenticated-i18n-fo-e2d48-ence-after-logout-and-login-firefox-retry1/trace.zip
    Usage:

        npx playwright show-trace test-results/i18n-authenticated-i18n-fo-e2d48-ence-after-logout-and-login-firefox-retry1/trace.zip

    ────────────────────────────────────────────────────────────────────────────────────────────────


[1A[2K[59/117] [firefox] › tests/e2e/i18n-authenticated.spec.ts:147:3 › i18n for Authenticated Users › should update UI elements when language changes for authenticated user
[1A[2K[60/117] [firefox] › tests/e2e/i18n-authenticated.spec.ts:179:3 › i18n for Authenticated Users › should handle rapid language switches without errors
[1A[2K[61/117] [firefox] › tests/e2e/i18n-enhancements.spec.ts:69:3 › i18n Enhancements - Kids UI Inheritance & Pre-Auth Cookies › should store locale in cookie on authentication pages before login
[1A[2K[firefox] › tests/e2e/i18n-enhancements.spec.ts:69:3 › i18n Enhancements - Kids UI Inheritance & Pre-Auth Cookies › should store locale in cookie on authentication pages before login
⚠️ Pre-auth locale cookie not found - this is expected if language switcher UI is not implemented

[1A[2K✅ Page locale successfully switched to Russian on login page

[1A[2K[62/117] [firefox] › tests/e2e/i18n-enhancements.spec.ts:113:3 › i18n Enhancements - Kids UI Inheritance & Pre-Auth Cookies › should migrate cookie locale to database after successful authentication
[1A[2K[firefox] › tests/e2e/i18n-enhancements.spec.ts:113:3 › i18n Enhancements - Kids UI Inheritance & Pre-Auth Cookies › should migrate cookie locale to database after successful authentication
✅ Registration successful - redirected to dashboard

[1A[2Kℹ️ Current locale is en - migration may need more time or different test approach

[1A[2Kℹ️ Pre-auth locale cookie still present - may be cleared on next request

[1A[2K[63/117] [firefox] › tests/e2e/i18n-enhancements.spec.ts:180:3 › i18n Enhancements - Kids UI Inheritance & Pre-Auth Cookies › should inherit parent locale in child views (simulated)
[1A[2K[firefox] › tests/e2e/i18n-enhancements.spec.ts:180:3 › i18n Enhancements - Kids UI Inheritance & Pre-Auth Cookies › should inherit parent locale in child views (simulated)
ℹ️ Child view locale inheritance test requires authenticated parent session

[1A[2Kℹ️ This functionality is implemented in ChildAccess middleware

[1A[2Kℹ️ When parent sets locale to Russian and navigates to /dashboard/child/{id}/today

[1A[2Kℹ️ The child view should automatically inherit Russian locale

[1A[2K[64/117] [firefox] › tests/e2e/i18n-enhancements.spec.ts:197:3 › i18n Enhancements - Kids UI Inheritance & Pre-Auth Cookies › should handle authentication page detection correctly
[1A[2K[firefox] › tests/e2e/i18n-enhancements.spec.ts:197:3 › i18n Enhancements - Kids UI Inheritance & Pre-Auth Cookies › should handle authentication page detection correctly
✅ Authentication page /login loads correctly

[1A[2K✅ Authentication page /register loads correctly

[1A[2K[65/117] [firefox] › tests/e2e/i18n-enhancements.spec.ts:211:3 › i18n Enhancements - Kids UI Inheritance & Pre-Auth Cookies › should fallback gracefully when database is unavailable
[1A[2K[firefox] › tests/e2e/i18n-enhancements.spec.ts:211:3 › i18n Enhancements - Kids UI Inheritance & Pre-Auth Cookies › should fallback gracefully when database is unavailable
✅ Authentication pages load gracefully even with potential database issues

[1A[2K[66/117] [firefox] › tests/e2e/i18n.spec.ts:69:3 › Internationalization (i18n) › should load JavaScript translations on page
[1A[2K[67/117] [firefox] › tests/e2e/i18n.spec.ts:95:3 › Internationalization (i18n) › should switch languages properly
[1A[2K[68/117] [firefox] › tests/e2e/i18n.spec.ts:148:3 › Internationalization (i18n) › should handle translation parameters in JavaScript
[1A[2K[69/117] [firefox] › tests/e2e/i18n.spec.ts:160:3 › Internationalization (i18n) › should handle missing translation keys gracefully
[1A[2K[70/117] [firefox] › tests/e2e/i18n.spec.ts:172:3 › Internationalization (i18n) › should persist language preference across page navigation
[1A[2K[71/117] [firefox] › tests/e2e/review-basic.spec.ts:42:3 › Basic Review System Tests › basic review workflow: navigate pages and verify functionality
[1A[2K[firefox] › tests/e2e/review-basic.spec.ts:42:3 › Basic Review System Tests › basic review workflow: navigate pages and verify functionality
Testing basic review system workflow...

[1A[2KBasic review workflow test completed successfully

[1A[2K[72/117] [firefox] › tests/e2e/review-system.spec.ts:68:3 › Review System E2E Tests › complete review workflow: setup slots → complete sessions → review
[1A[2K[firefox] › tests/e2e/review-system.spec.ts:68:3 › Review System E2E Tests › complete review workflow: setup slots → complete sessions → review
Testing basic review system workflow...

[1A[2KBasic review workflow test completed successfully

[1A[2KReview workflow test completed - all basic functionality verified

[1A[2K[73/117] [firefox] › tests/e2e/review-system.spec.ts:140:3 › Review System E2E Tests › review scheduling and spaced repetition
[1A[2K[74/117] [firefox] › tests/e2e/review-system.spec.ts:188:3 › Review System E2E Tests › review performance tracking and analytics
[1A[2K[75/117] [firefox] › tests/e2e/review-system.spec.ts:232:3 › Review System E2E Tests › review slot management and validation
[1A[2K[76/117] [firefox] › tests/e2e/review-system.spec.ts:271:3 › Review System E2E Tests › review system with multiple children
[1A[2K[77/117] [firefox] › tests/e2e/review-system.spec.ts:352:3 › Review System E2E Tests › review session interruption and resume
[1A[2K[firefox] › tests/e2e/review-system.spec.ts:352:3 › Review System E2E Tests › review session interruption and resume
No reviews available for session - showing "All caught up!" message

[1A[2K[78/117] [firefox] › tests/e2e/tasks.spec.ts:58:3 › Task Management › should display dashboard initially (homeschool learning management)
[1A[2K[firefox] › tests/e2e/tasks.spec.ts:58:3 › Task Management › should display dashboard initially (homeschool learning management)
Learning management features found on the page

[1A[2K[79/117] [firefox] › tests/e2e/tasks.spec.ts:98:3 › Task Management › should create a new task
[1A[2K[firefox] › tests/e2e/tasks.spec.ts:98:3 › Task Management › should create a new task
No task creation form found - tasks feature may not be fully implemented

[1A[2K[80/117] [firefox] › tests/e2e/tasks.spec.ts:138:3 › Task Management › should handle task creation validation
[1A[2K[81/117] [firefox] › tests/e2e/tasks.spec.ts:158:3 › Task Management › should verify data isolation - task data should not persist between test runs
[1A[2K[firefox] › tests/e2e/tasks.spec.ts:158:3 › Task Management › should verify data isolation - task data should not persist between test runs
Created test data that should be automatically cleaned up

[1A[2K[82/117] [webkit] › tests/e2e/auth.spec.ts:17:3 › Authentication Flow › should display registration form
[1A[2K[83/117] [webkit] › tests/e2e/auth.spec.ts:41:3 › Authentication Flow › should display login form
[1A[2K[84/117] [webkit] › tests/e2e/auth.spec.ts:59:3 › Authentication Flow › should register new user and create test data
[1A[2K[85/117] [webkit] › tests/e2e/auth.spec.ts:109:3 › Authentication Flow › should handle registration validation errors
[1A[2K[86/117] [webkit] › tests/e2e/auth.spec.ts:120:3 › Authentication Flow › should navigate between auth pages
[1A[2K[87/117] [webkit] › tests/e2e/debug-auth.spec.ts:5:1 › debug registration and dashboard access
[1A[2K[webkit] › tests/e2e/debug-auth.spec.ts:5:1 › debug registration and dashboard access
1. Going to register page...

[1A[2K2. Filling registration form...

[1A[2K3. Submitting registration...

[1A[2K4. Current URL after registration: http://127.0.0.1:8001/dashboard

[1A[2K5. Page title: TaskMaster

[1A[2KSUCCESS: Redirected to dashboard

[1A[2KDashboard H1 text: 
              
                
                  
                
                Homeschool Hub
              
            

[1A[2K8. Trying to access /children...

[1A[2K9. Children page URL: http://127.0.0.1:8001/children

[1A[2KSUCCESS: Access to children page granted

[1A[2KChildren page contains "Add Child"? [33mtrue[39m

[1A[2K[88/117] [webkit] › tests/e2e/homeschool-planning.spec.ts:43:3 › Homeschool Planning Workflow › complete planning workflow: child → subjects → units → topics → sessions → calendar
[1A[2K[webkit] › tests/e2e/homeschool-planning.spec.ts:43:3 › Homeschool Planning Workflow › complete planning workflow: child → subjects → units → topics → sessions → calendar
API Response status: [33m200[39m

[1A[2KAPI Response body (first 200 chars): <div class="bg-white rounded-lg shadow-sm p-12 text-center">
        <svg class="mx-auto h-12 w-12 text-gray-400 mb-4" fill="none" viewBox="0 0 24 24" stroke="currentColor">
            <path stroke-l

[1A[2KChild created successfully via API

[1A[2KChildren count after navigation: [33m0[39m

[1A[2KNo children found, skipping workflow test that requires children

[1A[2K[89/117] [webkit] › tests/e2e/homeschool-planning.spec.ts:254:3 › Homeschool Planning Workflow › parent and child view switching
[1A[2K[webkit] › tests/e2e/homeschool-planning.spec.ts:254:3 › Homeschool Planning Workflow › parent and child view switching
Found 2 elements matching 'button:has-text("Add Child")', using first()

[1A[2K[90/117] [webkit] › tests/e2e/homeschool-planning.spec.ts:315:3 › Homeschool Planning Workflow › session management and catch-up system
[1A[2K[webkit] › tests/e2e/homeschool-planning.spec.ts:315:3 › Homeschool Planning Workflow › session management and catch-up system
Found 2 elements matching 'button:has-text("Add Child")', using first()

[1A[2KChild creation completed, continuing...

[1A[2KCould not create test data, continuing with limited functionality

[1A[2KNo topics available for creating sessions, skipping session creation

[1A[2KNo scheduled sessions found, skipping Skip Day test

[1A[2K[91/117] [webkit] › tests/e2e/homeschool-planning.spec.ts:477:3 › Homeschool Planning Workflow › review system workflow
[1A[2K[webkit] › tests/e2e/homeschool-planning.spec.ts:477:3 › Homeschool Planning Workflow › review system workflow
Found 2 elements matching 'button:has-text("Add Child")', using first()

[1A[2KChild creation completed, continuing...

[1A[2KReview system working correctly - no reviews due yet

[1A[2K[92/117] [webkit] › tests/e2e/homeschool-planning.spec.ts:543:3 › Homeschool Planning Workflow › calendar import functionality
[1A[2K[webkit] › tests/e2e/homeschool-planning.spec.ts:543:3 › Homeschool Planning Workflow › calendar import functionality
Calendar import showing no children message (expected behavior)

[1A[2K[93/117] [webkit] › tests/e2e/homeschool-planning.spec.ts:567:3 › Homeschool Planning Workflow › responsive design and mobile view
[1A[2K[94/117] [webkit] › tests/e2e/homeschool-planning.spec.ts:589:3 › Homeschool Planning Workflow › error handling and validation
[1A[2K[webkit] › tests/e2e/homeschool-planning.spec.ts:589:3 › Homeschool Planning Workflow › error handling and validation
Found 2 elements matching 'button:has-text("Add Child")', using first()

[1A[2KChild creation completed, continuing...

[1A[2K[95/117] [webkit] › tests/e2e/homeschool-planning.spec.ts:638:3 › Homeschool Planning Workflow › data persistence and session management
[1A[2K[webkit] › tests/e2e/homeschool-planning.spec.ts:638:3 › Homeschool Planning Workflow › data persistence and session management
Found 2 elements matching 'button:has-text("Add Child")', using first()

[1A[2KChild creation completed, continuing...

[1A[2KSession management and data persistence test completed successfully

[1A[2K[96/117] [webkit] › tests/e2e/i18n-authenticated.spec.ts:54:3 › i18n for Authenticated Users › should persist language preference for authenticated users across page navigation
[1A[2K[97/117] [webkit] › tests/e2e/i18n-authenticated.spec.ts:118:3 › i18n for Authenticated Users › should maintain language preference after logout and login
[1A[2K[98/117] [webkit] › tests/e2e/i18n-authenticated.spec.ts:118:3 › i18n for Authenticated Users › should maintain language preference after logout and login (retry #1)
[1A[2K  4) [webkit] › tests/e2e/i18n-authenticated.spec.ts:118:3 › i18n for Authenticated Users › should maintain language preference after logout and login 

    TimeoutError: page.waitForURL: Timeout 10000ms exceeded.
    =========================== logs ===========================
    waiting for navigation until "load"
    ============================================================

       9 |   await page.click('button[type="submit"]');
      10 |   // Wait for navigation - could go to dashboard or children page
    > 11 |   await page.waitForURL(/(dashboard|children)/, { timeout: 10000 });
         |              ^
      12 | }
      13 |
      14 | // Helper function to register a new user
        at loginUser (/Users/leonidbugaev/go/src/learning-app/tests/e2e/i18n-authenticated.spec.ts:11:14)
        at /Users/leonidbugaev/go/src/learning-app/tests/e2e/i18n-authenticated.spec.ts:140:5

    attachment #1: screenshot (image/png) ──────────────────────────────────────────────────────────
    test-results/i18n-authenticated-i18n-fo-e2d48-ence-after-logout-and-login-webkit/test-failed-1.png
    ────────────────────────────────────────────────────────────────────────────────────────────────

    Error Context: test-results/i18n-authenticated-i18n-fo-e2d48-ence-after-logout-and-login-webkit/error-context.md

    Retry #1 ───────────────────────────────────────────────────────────────────────────────────────

    TimeoutError: page.waitForURL: Timeout 10000ms exceeded.
    =========================== logs ===========================
    waiting for navigation until "load"
    ============================================================

       9 |   await page.click('button[type="submit"]');
      10 |   // Wait for navigation - could go to dashboard or children page
    > 11 |   await page.waitForURL(/(dashboard|children)/, { timeout: 10000 });
         |              ^
      12 | }
      13 |
      14 | // Helper function to register a new user
        at loginUser (/Users/leonidbugaev/go/src/learning-app/tests/e2e/i18n-authenticated.spec.ts:11:14)
        at /Users/leonidbugaev/go/src/learning-app/tests/e2e/i18n-authenticated.spec.ts:140:5

    attachment #1: screenshot (image/png) ──────────────────────────────────────────────────────────
    test-results/i18n-authenticated-i18n-fo-e2d48-ence-after-logout-and-login-webkit-retry1/test-failed-1.png
    ────────────────────────────────────────────────────────────────────────────────────────────────

    Error Context: test-results/i18n-authenticated-i18n-fo-e2d48-ence-after-logout-and-login-webkit-retry1/error-context.md

    attachment #3: trace (application/zip) ─────────────────────────────────────────────────────────
    test-results/i18n-authenticated-i18n-fo-e2d48-ence-after-logout-and-login-webkit-retry1/trace.zip
    Usage:

        npx playwright show-trace test-results/i18n-authenticated-i18n-fo-e2d48-ence-after-logout-and-login-webkit-retry1/trace.zip

    ────────────────────────────────────────────────────────────────────────────────────────────────


[1A[2K[99/117] [webkit] › tests/e2e/i18n-authenticated.spec.ts:147:3 › i18n for Authenticated Users › should update UI elements when language changes for authenticated user
[1A[2K[100/117] [webkit] › tests/e2e/i18n-authenticated.spec.ts:179:3 › i18n for Authenticated Users › should handle rapid language switches without errors
[1A[2K[101/117] [webkit] › tests/e2e/i18n-enhancements.spec.ts:69:3 › i18n Enhancements - Kids UI Inheritance & Pre-Auth Cookies › should store locale in cookie on authentication pages before login
[1A[2K[webkit] › tests/e2e/i18n-enhancements.spec.ts:69:3 › i18n Enhancements - Kids UI Inheritance & Pre-Auth Cookies › should store locale in cookie on authentication pages before login
⚠️ Pre-auth locale cookie not found - this is expected if language switcher UI is not implemented

[1A[2K✅ Page locale successfully switched to Russian on login page

[1A[2K[102/117] [webkit] › tests/e2e/i18n-enhancements.spec.ts:113:3 › i18n Enhancements - Kids UI Inheritance & Pre-Auth Cookies › should migrate cookie locale to database after successful authentication
[1A[2K[webkit] › tests/e2e/i18n-enhancements.spec.ts:113:3 › i18n Enhancements - Kids UI Inheritance & Pre-Auth Cookies › should migrate cookie locale to database after successful authentication
✅ Registration successful - redirected to dashboard

[1A[2Kℹ️ Current locale is en - migration may need more time or different test approach

[1A[2Kℹ️ Pre-auth locale cookie still present - may be cleared on next request

[1A[2K[103/117] [webkit] › tests/e2e/i18n-enhancements.spec.ts:180:3 › i18n Enhancements - Kids UI Inheritance & Pre-Auth Cookies › should inherit parent locale in child views (simulated)
[1A[2K[webkit] › tests/e2e/i18n-enhancements.spec.ts:180:3 › i18n Enhancements - Kids UI Inheritance & Pre-Auth Cookies › should inherit parent locale in child views (simulated)
ℹ️ Child view locale inheritance test requires authenticated parent session

[1A[2Kℹ️ This functionality is implemented in ChildAccess middleware

[1A[2Kℹ️ When parent sets locale to Russian and navigates to /dashboard/child/{id}/today

[1A[2Kℹ️ The child view should automatically inherit Russian locale

[1A[2K[104/117] [webkit] › tests/e2e/i18n-enhancements.spec.ts:197:3 › i18n Enhancements - Kids UI Inheritance & Pre-Auth Cookies › should handle authentication page detection correctly
[1A[2K[webkit] › tests/e2e/i18n-enhancements.spec.ts:197:3 › i18n Enhancements - Kids UI Inheritance & Pre-Auth Cookies › should handle authentication page detection correctly
✅ Authentication page /login loads correctly

[1A[2K✅ Authentication page /register loads correctly

[1A[2K[105/117] [webkit] › tests/e2e/i18n-enhancements.spec.ts:211:3 › i18n Enhancements - Kids UI Inheritance & Pre-Auth Cookies › should fallback gracefully when database is unavailable
[1A[2K[webkit] › tests/e2e/i18n-enhancements.spec.ts:211:3 › i18n Enhancements - Kids UI Inheritance & Pre-Auth Cookies › should fallback gracefully when database is unavailable
✅ Authentication pages load gracefully even with potential database issues

[1A[2K[106/117] [webkit] › tests/e2e/i18n.spec.ts:69:3 › Internationalization (i18n) › should load JavaScript translations on page
[1A[2K[107/117] [webkit] › tests/e2e/i18n.spec.ts:95:3 › Internationalization (i18n) › should switch languages properly
[1A[2K[108/117] [webkit] › tests/e2e/i18n.spec.ts:148:3 › Internationalization (i18n) › should handle translation parameters in JavaScript
[1A[2K[109/117] [webkit] › tests/e2e/i18n.spec.ts:160:3 › Internationalization (i18n) › should handle missing translation keys gracefully
[1A[2K[110/117] [webkit] › tests/e2e/i18n.spec.ts:172:3 › Internationalization (i18n) › should persist language preference across page navigation
[1A[2K[111/117] [webkit] › tests/e2e/review-basic.spec.ts:42:3 › Basic Review System Tests › basic review workflow: navigate pages and verify functionality
[1A[2K[webkit] › tests/e2e/review-basic.spec.ts:42:3 › Basic Review System Tests › basic review workflow: navigate pages and verify functionality
Testing basic review system workflow...

[1A[2KBasic review workflow test completed successfully

[1A[2K[112/117] [webkit] › tests/e2e/review-system.spec.ts:68:3 › Review System E2E Tests › complete review workflow: setup slots → complete sessions → review
[1A[2K[webkit] › tests/e2e/review-system.spec.ts:68:3 › Review System E2E Tests › complete review workflow: setup slots → complete sessions → review
Testing basic review system workflow...

[1A[2KBasic review workflow test completed successfully

[1A[2KReview workflow test completed - all basic functionality verified

[1A[2K[113/117] [webkit] › tests/e2e/review-system.spec.ts:140:3 › Review System E2E Tests › review scheduling and spaced repetition
[1A[2K[114/117] [webkit] › tests/e2e/review-system.spec.ts:188:3 › Review System E2E Tests › review performance tracking and analytics
[1A[2K[115/117] [webkit] › tests/e2e/review-system.spec.ts:232:3 › Review System E2E Tests › review slot management and validation
[1A[2K[116/117] [webkit] › tests/e2e/review-system.spec.ts:271:3 › Review System E2E Tests › review system with multiple children
[1A[2K[117/117] [webkit] › tests/e2e/review-system.spec.ts:352:3 › Review System E2E Tests › review session interruption and resume
[1A[2K[webkit] › tests/e2e/review-system.spec.ts:352:3 › Review System E2E Tests › review session interruption and resume
No reviews available for session - showing "All caught up!" message

[1A[2K[118/117] (retries) [webkit] › tests/e2e/tasks.spec.ts:58:3 › Task Management › should display dashboard initially (homeschool learning management)
[1A[2K[webkit] › tests/e2e/tasks.spec.ts:58:3 › Task Management › should display dashboard initially (homeschool learning management)
Learning management features found on the page

[1A[2K[119/117] (retries) [webkit] › tests/e2e/tasks.spec.ts:98:3 › Task Management › should create a new task
[1A[2K[webkit] › tests/e2e/tasks.spec.ts:98:3 › Task Management › should create a new task
No task creation form found - tasks feature may not be fully implemented

[1A[2K[120/117] (retries) [webkit] › tests/e2e/tasks.spec.ts:138:3 › Task Management › should handle task creation validation
[1A[2K[121/117] (retries) [webkit] › tests/e2e/tasks.spec.ts:158:3 › Task Management › should verify data isolation - task data should not persist between test runs
[1A[2K[webkit] › tests/e2e/tasks.spec.ts:158:3 › Task Management › should verify data isolation - task data should not persist between test runs
Created test data that should be automatically cleaned up

[1A[2K  3 failed
    [chromium] › tests/e2e/i18n-authenticated.spec.ts:118:3 › i18n for Authenticated Users › should maintain language preference after logout and login 
    [firefox] › tests/e2e/i18n-authenticated.spec.ts:118:3 › i18n for Authenticated Users › should maintain language preference after logout and login 
    [webkit] › tests/e2e/i18n-authenticated.spec.ts:118:3 › i18n for Authenticated Users › should maintain language preference after logout and login 
  1 flaky
    [chromium] › tests/e2e/review-system.spec.ts:271:3 › Review System E2E Tests › review system with multiple children 
  113 passed (12.1m)

[36m  Serving HTML report at http://localhost:9323. Press Ctrl+C to quit.[39m
